<testsuites name="results">
  <testsuite name="all" package="all">
    <property name="random_seed" value="1780794815" />
    <testcase name="test_harmony_final" classname="test" file="/home/zerotoasic/Elemental_Harmony_GF26b/test/test.py" lineno="52" time="0.02349114418029785" sim_time_ns="1270.0" ratio_time="54062.92644805083" />
  </testsuite>
</testsuites>